CBMC version 5.95.1 (cbmc-5.95.1) 64-bit x86_64 linux
Parsing /home/jovan/Documents/VS-2/cbmc/hangman_masklen.c
Converting
Type-checking hangman_masklen
Generating GOTO Program
Adding CPROVER library (x86_64)
Removal of function pointers and virtual functions
Generic Property Instrumentation
Running with 8 object bits, 56 offset bits (default)
Starting Bounded Model Checking
Runtime Symex: 0.00178927s
size of program expression: 29 steps
simple slicing removed 5 assignments
Generated 3 VCC(s), 3 remaining after simplification
Runtime Postprocess Equation: 7.124e-06s
Passing problem to propositional reduction
converting SSA
Runtime Convert SSA: 0.00120749s
Running propositional reduction
Post-processing
Runtime Post-process: 0.000144851s
Solving with MiniSAT 2.2.1 with simplifier
574 variables, 888 clauses
SAT checker: instance is SATISFIABLE
Runtime Solver: 0.00118968s
Runtime decision procedure: 0.00244347s
Running propositional reduction
Solving with MiniSAT 2.2.1 with simplifier
574 variables, 542 clauses
SAT checker inconsistent: instance is UNSATISFIABLE
Runtime Solver: 5.936e-06s
Runtime decision procedure: 1.1873e-05s

** Results:
/home/jovan/Documents/VS-2/cbmc/hangman_masklen.c function main
[main.overflow.1] line 18 arithmetic overflow on unsigned * in len * (unsigned long int)2: SUCCESS
[main.overflow.2] line 18 arithmetic overflow on unsigned - in len * (unsigned long int)2 - (unsigned long int)1: FAILURE
[main.assertion.1] line 22 Hangman masked length must not underflow: FAILURE

** 2 of 3 failed (2 iterations)
VERIFICATION FAILED
