CBMC version 5.95.1 (cbmc-5.95.1) 64-bit x86_64 linux
Parsing /home/jovan/Documents/VS-2/cbmc/points_overflow.c
Converting
Type-checking points_overflow
Generating GOTO Program
Adding CPROVER library (x86_64)
Removal of function pointers and virtual functions
Generic Property Instrumentation
Running with 8 object bits, 56 offset bits (default)
Starting Bounded Model Checking
Runtime Symex: 0.000441677s
size of program expression: 28 steps
simple slicing removed 5 assignments
Generated 3 VCC(s), 3 remaining after simplification
Runtime Postprocess Equation: 1.0686e-05s
Passing problem to propositional reduction
converting SSA
Runtime Convert SSA: 0.00283409s
Running propositional reduction
Post-processing
Runtime Post-process: 3.562e-06s
Solving with MiniSAT 2.2.1 with simplifier
2725 variables, 11358 clauses
SAT checker: instance is SATISFIABLE
Runtime Solver: 0.00596976s
Runtime decision procedure: 0.00885253s
Running propositional reduction
Solving with MiniSAT 2.2.1 with simplifier
2725 variables, 6961 clauses
SAT checker inconsistent: instance is UNSATISFIABLE
Runtime Solver: 7.123e-06s
Runtime decision procedure: 1.7809e-05s

** Results:
/home/jovan/Documents/VS-2/cbmc/points_overflow.c function main
[main.overflow.1] line 15 arithmetic overflow on signed * in 400 * timeLeft: FAILURE
[main.overflow.2] line 15 arithmetic overflow on signed + in 100 + ((400 * timeLeft) / 1000) / 60: SUCCESS
[main.assertion.1] line 17 guesser stays in range without an input contract: FAILURE

** 2 of 3 failed (2 iterations)
VERIFICATION FAILED
