==264136== Memcheck, a memory error detector
==264136== Copyright (C) 2002-2022, and GNU GPL'd, by Julian Seward et al.
==264136== Using Valgrind-3.22.0 and LibVEX; rerun with -h for copyright info
==264136== Command: /home/jovan/Documents/VS-2/valgrind/build/tst_points
==264136== Parent PID: 263327
==264136== 
==264136== 
==264136== HEAP SUMMARY:
==264136==     in use at exit: 25,325 bytes in 65 blocks
==264136==   total heap usage: 14,967 allocs, 14,902 frees, 4,008,525 bytes allocated
==264136== 
==264136== LEAK SUMMARY:
==264136==    definitely lost: 0 bytes in 0 blocks
==264136==    indirectly lost: 0 bytes in 0 blocks
==264136==      possibly lost: 384 bytes in 1 blocks
==264136==    still reachable: 4,204 bytes in 40 blocks
==264136==         suppressed: 20,737 bytes in 24 blocks
==264136== Reachable blocks (those to which a pointer was found) are not shown.
==264136== To see them, rerun with: --leak-check=full --show-leak-kinds=all
==264136== 
==264136== For lists of detected and suppressed errors, rerun with: -s
==264136== ERROR SUMMARY: 0 errors from 0 contexts (suppressed: 0 from 0)
