==100141== Memcheck, a memory error detector
==100141== Copyright (C) 2002-2022, and GNU GPL'd, by Julian Seward et al.
==100141== Using Valgrind-3.22.0 and LibVEX; rerun with -h for copyright info
==100141== Command: /home/jovan/Documents/VS-2/valgrind/build/tst_manager
==100141== Parent PID: 99931
==100141== 
==100141== 
==100141== HEAP SUMMARY:
==100141==     in use at exit: 25,325 bytes in 65 blocks
==100141==   total heap usage: 18,275 allocs, 18,210 frees, 4,464,604 bytes allocated
==100141== 
==100141== LEAK SUMMARY:
==100141==    definitely lost: 0 bytes in 0 blocks
==100141==    indirectly lost: 0 bytes in 0 blocks
==100141==      possibly lost: 384 bytes in 1 blocks
==100141==    still reachable: 24,941 bytes in 64 blocks
==100141==         suppressed: 0 bytes in 0 blocks
==100141== Reachable blocks (those to which a pointer was found) are not shown.
==100141== To see them, rerun with: --leak-check=full --show-leak-kinds=all
==100141== 
==100141== For lists of detected and suppressed errors, rerun with: -s
==100141== ERROR SUMMARY: 0 errors from 0 contexts (suppressed: 1 from 1)
