==264298== Memcheck, a memory error detector
==264298== Copyright (C) 2002-2022, and GNU GPL'd, by Julian Seward et al.
==264298== Using Valgrind-3.22.0 and LibVEX; rerun with -h for copyright info
==264298== Command: /home/jovan/Documents/VS-2/valgrind/build/tst_hangman
==264298== Parent PID: 263327
==264298== 
==264298== 
==264298== HEAP SUMMARY:
==264298==     in use at exit: 25,309 bytes in 65 blocks
==264298==   total heap usage: 14,850 allocs, 14,785 frees, 3,999,261 bytes allocated
==264298== 
==264298== LEAK SUMMARY:
==264298==    definitely lost: 0 bytes in 0 blocks
==264298==    indirectly lost: 0 bytes in 0 blocks
==264298==      possibly lost: 368 bytes in 1 blocks
==264298==    still reachable: 4,204 bytes in 40 blocks
==264298==         suppressed: 20,737 bytes in 24 blocks
==264298== Reachable blocks (those to which a pointer was found) are not shown.
==264298== To see them, rerun with: --leak-check=full --show-leak-kinds=all
==264298== 
==264298== For lists of detected and suppressed errors, rerun with: -s
==264298== ERROR SUMMARY: 0 errors from 0 contexts (suppressed: 0 from 0)
